--------- beginning of system
07-08 12:32:57.500 I/ActivityTaskManager( 2242): START u0 {act=android.intent.action.MAIN cat=[android.intent.category.LAUNCHER] flg=0x10200000 cmp=com.android.chrome/com.google.android.apps.chrome.Main bnds=[325,515][545,639]} from uid 10069
07-08 12:32:58.040 W/ActivityTaskManager( 2242): Request to remove task ignored for non-existent task 328
--------- beginning of main
07-08 12:32:58.112 I/ActivityTaskManager( 2242): Displayed com.android.chrome/com.google.android.apps.chrome.Main: +607ms
07-08 12:32:58.180 D/InputAccessibilityService( 1774): handleViewFocused: Focused view is not EditText
07-08 12:32:58.186 D/InputAccessibilityService( 1774): hideInputActivity: Closing InputActivity
07-08 12:32:59.797 D/InputAccessibilityService( 1774): Showing InputActivity for EditText: package=com.android.chrome, viewId=com.android.chrome:id/url_bar, hint=搜尋 Google 或輸入網址, text=搜尋 Google 或輸入網址, inputType=655361, imeOptions=2, allowEnterAsNewline=false, browserSubmitField=true
07-08 12:32:59.798 D/InputActivity( 1774): Display[0]: id=0, name=內置畫面, flags=139
07-08 12:32:59.798 D/InputActivity( 1774): Display[1]: id=2, name=內置畫面, flags=139
07-08 12:32:59.798 D/InputActivity( 1774): Starting activity on secondary display: id=2, name=內置畫面
07-08 12:32:59.800 I/ActivityTaskManager( 2242): START u0 {flg=0x30020000 cmp=com.brucewang.inputaccessibility/.InputActivity (has extras)} from uid 10182
07-08 12:32:59.810 I/ActivityTaskManager( 2242): Add Task{ce839e4 #290 type=standard A=10182:com.brucewang.inputaccessibility} to hidden list because adding Task{c4a4bfb #332 type=standard A=10182:com.brucewang.inputaccessibility}
07-08 12:32:59.810 I/ActivityTaskManager( 2242): The Process com.brucewang.inputaccessibility Already Exists in BG. So sending its PID: 1774
07-08 12:32:59.812 D/InputActivity( 1774): Activity started successfully on secondary display
07-08 12:32:59.813 I/ActivityTaskManager( 2242): The Process com.brucewang.inputaccessibility Already Exists in BG. So sending its PID: 1774
07-08 12:32:59.874 D/InputAccessibilityService( 1774): handleViewFocused: Detected EditText
07-08 12:32:59.874 D/InputAccessibilityService( 1774): handleViewFocused: className=android.widget.EditText, isEditable=true, isFocusable=true
07-08 12:32:59.874 D/InputAccessibilityService( 1774): handleViewFocused: Ignoring duplicate focused EditText
07-08 12:32:59.884 D/InputActivity( 1774): Activity running on display: id=2, name=內置畫面
07-08 12:33:00.012 I/ActivityTaskManager( 2242): Displayed com.brucewang.inputaccessibility/.InputActivity: +211ms
07-08 12:33:00.152 D/InputActivity( 1774): Keeping browser target focus for text sync
07-08 12:33:02.500 D/InputAccessibilityService( 1774): checkCurrentFocus: Ignoring duplicate focused EditText
07-08 12:33:02.523 D/InputAccessibilityService( 1774): checkCurrentFocus: Ignoring duplicate focused EditText
07-08 12:33:02.525 D/InputAccessibilityService( 1774): handleViewFocused: Detected EditText
07-08 12:33:02.525 D/InputAccessibilityService( 1774): handleViewFocused: className=android.widget.EditText, isEditable=true, isFocusable=true
07-08 12:33:02.525 D/InputAccessibilityService( 1774): handleViewFocused: Ignoring duplicate focused EditText
07-08 12:33:03.932 D/InputAccessibilityService( 1774): packageName: com.android.chrome
07-08 12:33:03.934 D/InputAccessibilityService( 1774): checkCurrentFocus: No focused EditText found, hiding InputActivity
07-08 12:33:03.934 D/InputAccessibilityService( 1774): hideInputActivity: Closing InputActivity
07-08 12:33:03.934 D/InputActivity( 1774): Keeping InputActivity open and detaching target
07-08 12:33:04.731 D/InputAccessibilityService( 1774): handleViewFocused: Focused view is not EditText
07-08 12:33:04.731 D/InputAccessibilityService( 1774): hideInputActivity: Closing InputActivity
07-08 12:33:04.731 D/InputActivity( 1774): Keeping InputActivity open and detaching target
07-08 12:33:06.122 D/InputActivity( 1774): Display[0]: id=0, name=內置畫面, flags=139
07-08 12:33:06.123 D/InputActivity( 1774): Display[1]: id=2, name=內置畫面, flags=139
07-08 12:33:06.123 D/InputActivity( 1774): Bringing activity to secondary display: id=2, name=內置畫面
07-08 12:33:06.125 I/ActivityTaskManager( 2242): START u0 {flg=0x30020000 cmp=com.brucewang.inputaccessibility/.InputActivity (has extras)} from uid 10182
07-08 12:33:06.136 D/InputActivity( 1774): Activity brought to secondary display successfully
07-08 12:33:06.147 D/InputAccessibilityService( 1774): checkCurrentFocus: Ignoring event from our InputActivity
07-08 12:33:06.156 D/InputAccessibilityService( 1774): handleViewFocused: Detected EditText
07-08 12:33:06.156 D/InputAccessibilityService( 1774): handleViewFocused: className=android.widget.EditText, isEditable=true, isFocusable=true
07-08 12:33:06.157 D/InputAccessibilityService( 1774): handleViewFocused: Ignoring duplicate focused EditText
07-08 12:33:06.160 D/InputAccessibilityService( 1774): checkCurrentFocus: Ignoring event from our InputActivity
07-08 12:33:06.179 D/InputAccessibilityService( 1774): checkCurrentFocus: Ignoring event from our InputActivity
07-08 12:33:06.192 E/WindowManager( 2242): isInputMethodClientFocus: display ID mismatch. from client: 0 from window: 2
07-08 12:33:06.279 D/InputAccessibilityService( 1774): checkCurrentFocus: Ignoring event from our InputActivity
07-08 12:33:06.283 D/InputAccessibilityService( 1774): checkCurrentFocus: Ignoring event from our InputActivity
07-08 12:33:06.283 D/InputActivity( 1774): Keeping browser target focus for text sync
07-08 12:33:06.296 D/InputActivity( 1774): Keeping browser target focus for text sync
07-08 12:33:06.313 D/InputAccessibilityService( 1774): checkCurrentFocus: Ignoring event from our InputActivity
07-08 12:33:06.413 D/InputAccessibilityService( 1774): checkCurrentFocus: Ignoring event from our InputActivity
07-08 12:33:07.713 D/InputActivity( 1774): Sync text to target: refreshed=true, setText=true, selection=false, length=1, browser=true
07-08 12:33:07.718 D/InputAccessibilityService( 1774): checkCurrentFocus: Ignoring event from our InputActivity
07-08 12:33:07.719 D/InputAccessibilityService( 1774): checkCurrentFocus: Ignoring event from our InputActivity
07-08 12:33:07.810 D/InputAccessibilityService( 1774): checkCurrentFocus: Ignoring event from our InputActivity
07-08 12:33:07.927 D/InputActivity( 1774): Sync text to target: refreshed=true, setText=true, selection=false, length=2, browser=true
07-08 12:33:08.003 D/InputAccessibilityService( 1774): checkCurrentFocus: Ignoring event from our InputActivity
07-08 12:33:08.110 D/InputActivity( 1774): Sync text to target: refreshed=true, setText=true, selection=false, length=3, browser=true
07-08 12:33:08.191 D/InputAccessibilityService( 1774): checkCurrentFocus: Ignoring event from our InputActivity
07-08 12:33:08.310 D/InputActivity( 1774): Sync text to target: refreshed=true, setText=true, selection=false, length=4, browser=true
07-08 12:33:08.393 D/InputAccessibilityService( 1774): checkCurrentFocus: Ignoring event from our InputActivity
07-08 12:33:09.064 D/InputActivity( 1774): Triggering target action for IME action: GO
07-08 12:33:09.093 D/InputActivity( 1774): Sync text to target: refreshed=true, setText=true, selection=false, length=4, browser=true
07-08 12:33:09.106 D/InputActivity( 1774): Sync text to target: refreshed=true, setText=true, selection=false, length=4, browser=true
07-08 12:33:09.108 D/InputActivity( 1774): Target before Enter: refreshed=true, package=com.android.chrome, class=android.widget.EditText, editable=true, focused=true, actions=2:CLEAR_FOCUS,4:SELECT,8:CLEAR_SELECTION,16:CLICK,32:LONG_CLICK,64:ACCESSIBILITY_FOCUS,256:NEXT_AT_GRANULARITY,512:PREVIOUS_AT_GRANULARITY,131072:SET_SELECTION,2097152:SET_TEXT,16908342:ACTION_16908342,16908372:Enter 鍵
07-08 12:33:09.112 I/ActivityTaskManager( 2242): START u0 {act=android.intent.action.VIEW cat=[android.intent.category.BROWSABLE] dat=https://www.google.com/... flg=0x10000000 pkg=com.android.chrome cmp=com.android.chrome/com.google.android.apps.chrome.IntentDispatcher} from uid 10182
07-08 12:33:09.121 D/InputActivity( 1774): Browser intent submit result: true, package=com.android.chrome, text=gggg
07-08 12:33:09.134 I/ActivityTaskManager( 2242): The Process com.android.chrome Already Exists in BG. So sending its PID: 2034
07-08 12:33:09.134 W/ActivityTaskManager( 2242): Tried to set launchTime (0) < mLastActivityLaunchTime (5511303)
07-08 12:33:09.142 I/ActivityTaskManager( 2242): START u0 {act=android.intent.action.VIEW cat=[android.intent.category.BROWSABLE] dat=https://www.google.com/... flg=0x14002000 pkg=com.android.chrome cmp=com.android.chrome/org.chromium.chrome.browser.ChromeTabbedActivity (has extras)} from uid 10096
07-08 12:33:09.265 D/InputAccessibilityService( 1774): handleViewFocused: Detected EditText
07-08 12:33:09.296 D/InputAccessibilityService( 1774): handleViewFocused: className=android.widget.EditText, isEditable=true, isFocusable=true
07-08 12:33:09.297 D/InputAccessibilityService( 1774): Suppressing browser focus after navigation: package=com.android.chrome, viewId=com.android.chrome:id/url_bar
07-08 12:33:09.325 D/InputAccessibilityService( 1774): packageName: com.android.chrome
07-08 12:33:09.325 D/InputAccessibilityService( 1774): checkCurrentFocus: No focused EditText found, hiding InputActivity
07-08 12:33:09.325 D/InputAccessibilityService( 1774): hideInputActivity: Closing InputActivity
07-08 12:33:09.325 D/InputActivity( 1774): Keeping InputActivity open and detaching target
07-08 12:33:09.334 E/WindowManager( 2242): isInputMethodClientFocus: display ID mismatch. from client: 2 from window: 0
07-08 12:33:10.891 D/InputAccessibilityService( 1774): Suppressing browser focus after navigation: package=com.android.chrome, viewId=com.android.chrome:id/url_bar
07-08 12:33:10.898 D/InputAccessibilityService( 1774): Suppressing browser focus after navigation: package=com.android.chrome, viewId=com.android.chrome:id/url_bar
07-08 12:33:10.900 D/InputAccessibilityService( 1774): Suppressing browser focus after navigation: package=com.android.chrome, viewId=com.android.chrome:id/url_bar
07-08 12:33:10.904 D/InputAccessibilityService( 1774): Suppressing browser focus after navigation: package=com.android.chrome, viewId=com.android.chrome:id/url_bar
07-08 12:33:10.907 D/InputAccessibilityService( 1774): Suppressing browser focus after navigation: package=com.android.chrome, viewId=com.android.chrome:id/url_bar
07-08 12:33:10.909 D/InputAccessibilityService( 1774): Suppressing browser focus after navigation: package=com.android.chrome, viewId=com.android.chrome:id/url_bar
07-08 12:33:10.913 D/InputAccessibilityService( 1774): Suppressing browser focus after navigation: package=com.android.chrome, viewId=com.android.chrome:id/url_bar
07-08 12:33:10.919 D/InputAccessibilityService( 1774): Suppressing browser focus after navigation: package=com.android.chrome, viewId=com.android.chrome:id/url_bar
07-08 12:33:10.923 D/InputAccessibilityService( 1774): Suppressing browser focus after navigation: package=com.android.chrome, viewId=com.android.chrome:id/url_bar
07-08 12:33:10.926 D/InputAccessibilityService( 1774): handleViewFocused: Detected EditText
07-08 12:33:10.926 D/InputAccessibilityService( 1774): handleViewFocused: className=android.widget.EditText, isEditable=true, isFocusable=true
07-08 12:33:10.926 D/InputAccessibilityService( 1774): Suppressing browser focus after navigation: package=com.android.chrome, viewId=com.android.chrome:id/url_bar
07-08 12:33:10.931 D/InputAccessibilityService( 1774): Suppressing browser focus after navigation: package=com.android.chrome, viewId=com.android.chrome:id/url_bar
07-08 12:33:10.937 D/InputAccessibilityService( 1774): Suppressing browser focus after navigation: package=com.android.chrome, viewId=com.android.chrome:id/url_bar
07-08 12:33:10.941 D/InputAccessibilityService( 1774): Suppressing browser focus after navigation: package=com.android.chrome, viewId=com.android.chrome:id/url_bar
07-08 12:33:11.043 D/InputAccessibilityService( 1774): Suppressing browser focus after navigation: package=com.android.chrome, viewId=com.android.chrome:id/url_bar
07-08 12:33:11.150 D/InputAccessibilityService( 1774): Showing InputActivity for EditText: package=com.android.chrome, viewId=com.android.chrome:id/url_bar, hint=搜尋 Google 或輸入網址, text=搜尋 Google 或輸入網址, inputType=655361, imeOptions=2, allowEnterAsNewline=false, browserSubmitField=true
07-08 12:33:11.163 D/InputActivity( 1774): Display[0]: id=0, name=內置畫面, flags=139
07-08 12:33:11.163 D/InputActivity( 1774): Display[1]: id=2, name=內置畫面, flags=139
07-08 12:33:11.163 D/InputActivity( 1774): Bringing activity to secondary display: id=2, name=內置畫面
07-08 12:33:11.166 I/ActivityTaskManager( 2242): START u0 {flg=0x30020000 cmp=com.brucewang.inputaccessibility/.InputActivity (has extras)} from uid 10182
07-08 12:33:11.177 D/InputActivity( 1774): Activity brought to secondary display successfully
07-08 12:33:11.181 E/WindowManager( 2242): isInputMethodClientFocus: display ID mismatch. from client: 2 from window: 0
07-08 12:33:11.293 D/InputAccessibilityService( 1774): checkCurrentFocus: Ignoring event from our InputActivity
07-08 12:33:11.302 D/InputActivity( 1774): Keeping browser target focus for text sync
07-08 12:33:11.318 D/InputActivity( 1774): Keeping browser target focus for text sync
07-08 12:33:11.325 D/InputAccessibilityService( 1774): checkCurrentFocus: Ignoring event from our InputActivity
07-08 12:33:11.424 D/InputAccessibilityService( 1774): checkCurrentFocus: Ignoring event from our InputActivity
07-08 12:33:12.326 D/InputAccessibilityService( 1774): checkCurrentFocus: Ignoring event from our InputActivity
07-08 12:33:12.328 D/InputAccessibilityService( 1774): checkCurrentFocus: Ignoring event from our InputActivity
07-08 12:33:14.570 D/InputActivity( 1774): Sync text to target: refreshed=true, setText=true, selection=false, length=1, browser=true
07-08 12:33:14.655 D/InputAccessibilityService( 1774): checkCurrentFocus: Ignoring event from our InputActivity
07-08 12:33:14.930 D/InputActivity( 1774): Sync text to target: refreshed=true, setText=true, selection=false, length=2, browser=true
07-08 12:33:15.013 D/InputAccessibilityService( 1774): checkCurrentFocus: Ignoring event from our InputActivity
07-08 12:33:15.193 D/InputActivity( 1774): Sync text to target: refreshed=true, setText=true, selection=false, length=3, browser=true
07-08 12:33:15.281 D/InputAccessibilityService( 1774): checkCurrentFocus: Ignoring event from our InputActivity
07-08 12:33:15.677 D/InputActivity( 1774): Sync text to target: refreshed=true, setText=true, selection=false, length=4, browser=true
07-08 12:33:15.764 D/InputAccessibilityService( 1774): checkCurrentFocus: Ignoring event from our InputActivity
07-08 12:33:16.834 D/InputActivity( 1774): Triggering target action for IME action: GO
07-08 12:33:16.859 D/InputActivity( 1774): Sync text to target: refreshed=true, setText=true, selection=false, length=4, browser=true
07-08 12:33:16.874 D/InputActivity( 1774): Sync text to target: refreshed=true, setText=true, selection=false, length=4, browser=true
07-08 12:33:16.876 D/InputActivity( 1774): Target before Enter: refreshed=true, package=com.android.chrome, class=android.widget.EditText, editable=true, focused=true, actions=2:CLEAR_FOCUS,4:SELECT,8:CLEAR_SELECTION,16:CLICK,32:LONG_CLICK,64:ACCESSIBILITY_FOCUS,256:NEXT_AT_GRANULARITY,512:PREVIOUS_AT_GRANULARITY,131072:SET_SELECTION,2097152:SET_TEXT,16908342:ACTION_16908342,16908372:Enter 鍵
07-08 12:33:16.878 I/ActivityTaskManager( 2242): START u0 {act=android.intent.action.VIEW cat=[android.intent.category.BROWSABLE] dat=https://www.google.com/... flg=0x10000000 pkg=com.android.chrome cmp=com.android.chrome/com.google.android.apps.chrome.IntentDispatcher} from uid 10182
07-08 12:33:16.889 D/InputActivity( 1774): Browser intent submit result: true, package=com.android.chrome, text=test
07-08 12:33:16.899 I/ActivityTaskManager( 2242): The Process com.android.chrome Already Exists in BG. So sending its PID: 2034
07-08 12:33:16.900 W/ActivityTaskManager( 2242): Tried to set launchTime (0) < mLastActivityLaunchTime (5522899)
07-08 12:33:16.916 I/ActivityTaskManager( 2242): START u0 {act=android.intent.action.VIEW cat=[android.intent.category.BROWSABLE] dat=https://www.google.com/... flg=0x14002000 pkg=com.android.chrome cmp=com.android.chrome/org.chromium.chrome.browser.ChromeTabbedActivity (has extras)} from uid 10096
07-08 12:33:17.086 D/InputAccessibilityService( 1774): packageName: com.android.chrome
07-08 12:33:17.086 D/InputAccessibilityService( 1774): checkCurrentFocus: No focused EditText found, hiding InputActivity
07-08 12:33:17.086 D/InputAccessibilityService( 1774): hideInputActivity: Closing InputActivity
07-08 12:33:17.086 D/InputActivity( 1774): Keeping InputActivity open and detaching target
07-08 12:33:17.108 E/WindowManager( 2242): isInputMethodClientFocus: display ID mismatch. from client: 2 from window: 0
07-08 12:33:18.933 D/InputAccessibilityService( 1774): Showing InputActivity for EditText: package=com.android.chrome, viewId=com.android.chrome:id/url_bar, hint=搜尋 Google 或輸入網址, text=搜尋 Google 或輸入網址, inputType=655361, imeOptions=2, allowEnterAsNewline=false, browserSubmitField=true
07-08 12:33:18.943 D/InputActivity( 1774): Display[0]: id=0, name=內置畫面, flags=139
07-08 12:33:18.943 D/InputActivity( 1774): Display[1]: id=2, name=內置畫面, flags=139
07-08 12:33:18.943 D/InputActivity( 1774): Bringing activity to secondary display: id=2, name=內置畫面
07-08 12:33:18.945 I/ActivityTaskManager( 2242): START u0 {flg=0x30020000 cmp=com.brucewang.inputaccessibility/.InputActivity (has extras)} from uid 10182
07-08 12:33:18.956 D/InputActivity( 1774): Activity brought to secondary display successfully
07-08 12:33:18.962 D/InputAccessibilityService( 1774): checkCurrentFocus: Ignoring event from our InputActivity
07-08 12:33:18.964 D/InputAccessibilityService( 1774): checkCurrentFocus: Ignoring event from our InputActivity
07-08 12:33:18.966 D/InputAccessibilityService( 1774): checkCurrentFocus: Ignoring event from our InputActivity
07-08 12:33:18.968 D/InputAccessibilityService( 1774): checkCurrentFocus: Ignoring event from our InputActivity
07-08 12:33:18.979 D/InputAccessibilityService( 1774): handleViewFocused: Detected EditText
07-08 12:33:18.981 D/InputAccessibilityService( 1774): handleViewFocused: className=android.widget.EditText, isEditable=true, isFocusable=true
07-08 12:33:18.981 D/InputAccessibilityService( 1774): handleViewFocused: Ignoring duplicate focused EditText
07-08 12:33:18.986 E/WindowManager( 2242): isInputMethodClientFocus: display ID mismatch. from client: 2 from window: 0
07-08 12:33:18.998 D/InputAccessibilityService( 1774): checkCurrentFocus: Ignoring event from our InputActivity
07-08 12:33:19.003 D/InputAccessibilityService( 1774): checkCurrentFocus: Ignoring event from our InputActivity
07-08 12:33:19.026 E/WindowManager( 2242): isInputMethodClientFocus: display ID mismatch. from client: 0 from window: 2
07-08 12:33:19.028 D/InputAccessibilityService( 1774): checkCurrentFocus: Ignoring event from our InputActivity
07-08 12:33:19.106 D/InputActivity( 1774): Keeping browser target focus for text sync
07-08 12:33:19.124 D/InputAccessibilityService( 1774): checkCurrentFocus: Ignoring event from our InputActivity
07-08 12:33:19.134 D/InputActivity( 1774): Keeping browser target focus for text sync
07-08 12:33:19.220 D/InputAccessibilityService( 1774): checkCurrentFocus: Ignoring event from our InputActivity
07-08 12:33:20.460 D/InputAccessibilityService( 1774): checkCurrentFocus: Ignoring event from our InputActivity
07-08 12:33:20.462 D/InputAccessibilityService( 1774): checkCurrentFocus: Ignoring event from our InputActivity
07-08 12:33:20.982 D/InputAccessibilityService( 1774): Showing InputActivity for EditText: package=com.android.chrome, viewId=com.android.chrome:id/url_bar, hint=搜尋 Google 或輸入網址, text=搜尋 Google 或輸入網址, inputType=655361, imeOptions=2, allowEnterAsNewline=false, browserSubmitField=true
07-08 12:33:20.992 D/InputActivity( 1774): Display[0]: id=0, name=內置畫面, flags=139
07-08 12:33:20.992 D/InputActivity( 1774): Display[1]: id=2, name=內置畫面, flags=139
07-08 12:33:20.992 D/InputActivity( 1774): Bringing activity to secondary display: id=2, name=內置畫面
07-08 12:33:20.993 I/ActivityTaskManager( 2242): START u0 {flg=0x30020000 cmp=com.brucewang.inputaccessibility/.InputActivity (has extras)} from uid 10182
07-08 12:33:20.997 D/InputActivity( 1774): Activity brought to secondary display successfully
07-08 12:33:21.007 E/WindowManager( 2242): isInputMethodClientFocus: display ID mismatch. from client: 2 from window: 0
07-08 12:33:21.025 D/InputAccessibilityService( 1774): checkCurrentFocus: Ignoring event from our InputActivity
07-08 12:33:21.127 D/InputActivity( 1774): Keeping browser target focus for text sync
07-08 12:33:21.156 D/InputActivity( 1774): Keeping browser target focus for text sync
07-08 12:33:22.480 D/InputAccessibilityService( 1774): checkCurrentFocus: Ignoring event from our InputActivity
07-08 12:33:22.482 D/InputAccessibilityService( 1774): checkCurrentFocus: Ignoring event from our InputActivity
07-08 12:33:22.484 D/InputAccessibilityService( 1774): checkCurrentFocus: Ignoring event from our InputActivity
07-08 12:33:25.779 D/InputAccessibilityService( 1774): Showing InputActivity for EditText: package=com.android.chrome, viewId=com.android.chrome:id/url_bar, hint=搜尋 Google 或輸入網址, text=搜尋 Google 或輸入網址, inputType=655361, imeOptions=2, allowEnterAsNewline=false, browserSubmitField=true
07-08 12:33:25.784 D/InputActivity( 1774): Display[0]: id=0, name=內置畫面, flags=139
07-08 12:33:25.784 D/InputActivity( 1774): Display[1]: id=2, name=內置畫面, flags=139
07-08 12:33:25.784 D/InputActivity( 1774): Bringing activity to secondary display: id=2, name=內置畫面
07-08 12:33:25.786 I/ActivityTaskManager( 2242): START u0 {flg=0x30020000 cmp=com.brucewang.inputaccessibility/.InputActivity (has extras)} from uid 10182
07-08 12:33:25.791 D/InputActivity( 1774): Activity brought to secondary display successfully
07-08 12:33:25.796 E/WindowManager( 2242): isInputMethodClientFocus: display ID mismatch. from client: 2 from window: 0
07-08 12:33:25.807 D/InputAccessibilityService( 1774): checkCurrentFocus: Ignoring event from our InputActivity
07-08 12:33:25.815 D/InputAccessibilityService( 1774): handleViewFocused: Detected EditText
07-08 12:33:25.819 D/InputAccessibilityService( 1774): handleViewFocused: className=android.widget.EditText, isEditable=true, isFocusable=true
07-08 12:33:25.819 D/InputAccessibilityService( 1774): handleViewFocused: Ignoring duplicate focused EditText
07-08 12:33:25.916 D/InputActivity( 1774): Keeping browser target focus for text sync
07-08 12:33:25.947 D/InputActivity( 1774): Keeping browser target focus for text sync
07-08 12:33:27.275 D/InputAccessibilityService( 1774): checkCurrentFocus: Ignoring event from our InputActivity
07-08 12:33:27.277 D/InputAccessibilityService( 1774): checkCurrentFocus: Ignoring event from our InputActivity
