--------- beginning of main
07-08 12:05:33.154 D/InputAccessibilityService(21716): Showing InputActivity for EditText: package=com.android.chrome, viewId=com.android.chrome:id/url_bar, hint=null, text=ggggg, inputType=655361, imeOptions=2, allowEnterAsNewline=false, browserSubmitField=true
07-08 12:05:33.155 D/InputActivity(21716): Display[0]: id=0, name=內置畫面, flags=139
07-08 12:05:33.155 D/InputActivity(21716): Display[1]: id=2, name=內置畫面, flags=139
07-08 12:05:33.155 D/InputActivity(21716): Starting activity on secondary display: id=2, name=內置畫面
--------- beginning of system
07-08 12:05:33.156 I/ActivityTaskManager( 2242): START u0 {flg=0x18000000 cmp=com.brucewang.inputaccessibility/.InputActivity (has extras)} from uid 10182
07-08 12:05:33.164 I/ActivityTaskManager( 2242): The Process com.brucewang.inputaccessibility Already Exists in BG. So sending its PID: 21716
07-08 12:05:33.166 D/InputActivity(21716): Activity started successfully on secondary display
07-08 12:05:33.168 I/ActivityTaskManager( 2242): The Process com.brucewang.inputaccessibility Already Exists in BG. So sending its PID: 21716
07-08 12:05:33.178 D/InputAccessibilityService(21716): handleViewFocused: Detected EditText
07-08 12:05:33.196 D/InputAccessibilityService(21716): handleViewFocused: className=android.widget.EditText, isEditable=true, isFocusable=true
07-08 12:05:33.212 D/InputActivity(21716): Activity running on display: id=2, name=內置畫面
07-08 12:05:33.344 W/ActivityTaskManager( 2242): Request to remove task ignored for non-existent task 306
07-08 12:05:33.346 I/ActivityTaskManager( 2242): Displayed com.brucewang.inputaccessibility/.InputActivity: +187ms
07-08 12:05:35.834 D/InputActivity(21716): Triggering target action for IME action: GO
07-08 12:05:35.857 D/InputActivity(21716): Target before Enter: refreshed=true, package=com.android.chrome, class=android.widget.EditText, editable=true, focused=true, actions=2:CLEAR_FOCUS,4:SELECT,8:CLEAR_SELECTION,16:CLICK,32:LONG_CLICK,64:ACCESSIBILITY_FOCUS,256:NEXT_AT_GRANULARITY,512:PREVIOUS_AT_GRANULARITY,131072:SET_SELECTION,2097152:SET_TEXT,16908342:ACTION_16908342,16908372:Enter 鍵
07-08 12:05:35.861 I/ActivityTaskManager( 2242): START u0 {act=android.intent.action.VIEW cat=[android.intent.category.BROWSABLE] dat=https://www.google.com/... flg=0x10000000 pkg=com.android.chrome cmp=com.android.chrome/com.google.android.apps.chrome.IntentDispatcher} from uid 10182
07-08 12:05:35.869 D/InputActivity(21716): Browser intent submit result: true, package=com.android.chrome, text=gggggjhuuu
07-08 12:05:35.885 I/ActivityTaskManager( 2242): The Process com.android.chrome Already Exists in BG. So sending its PID: 17836
07-08 12:05:35.885 W/ActivityTaskManager( 2242): Tried to set launchTime (0) < mLastActivityLaunchTime (3137866)
07-08 12:05:35.903 I/ActivityTaskManager( 2242): START u0 {act=android.intent.action.VIEW cat=[android.intent.category.BROWSABLE] dat=https://www.google.com/... flg=0x14002000 pkg=com.android.chrome cmp=com.android.chrome/org.chromium.chrome.browser.ChromeTabbedActivity (has extras)} from uid 10096
07-08 12:05:36.245 D/InputAccessibilityService(21716): packageName: com.android.chrome
07-08 12:05:36.246 D/InputAccessibilityService(21716): checkCurrentFocus: No focused EditText found, hiding InputActivity
07-08 12:05:36.246 D/InputAccessibilityService(21716): hideInputActivity: Closing InputActivity
07-08 12:05:36.246 D/InputActivity(21716): Closing InputActivity instance
07-08 12:05:36.885 D/InputActivity(21716): === onDestroy() called ===
07-08 12:05:42.811 D/InputAccessibilityService(21716): Showing InputActivity for EditText: package=com.android.chrome, viewId=com.android.chrome:id/url_bar, hint=搜尋 Google 或輸入網址, text=搜尋 Google 或輸入網址, inputType=655361, imeOptions=2, allowEnterAsNewline=false, browserSubmitField=true
07-08 12:05:42.813 D/InputActivity(21716): Display[0]: id=0, name=內置畫面, flags=139
07-08 12:05:42.813 D/InputActivity(21716): Display[1]: id=2, name=內置畫面, flags=139
07-08 12:05:42.813 D/InputActivity(21716): Starting activity on secondary display: id=2, name=內置畫面
07-08 12:05:42.815 I/ActivityTaskManager( 2242): START u0 {flg=0x18000000 cmp=com.brucewang.inputaccessibility/.InputActivity (has extras)} from uid 10182
07-08 12:05:42.824 I/ActivityTaskManager( 2242): The Process com.brucewang.inputaccessibility Already Exists in BG. So sending its PID: 21716
07-08 12:05:42.827 D/InputActivity(21716): Activity started successfully on secondary display
07-08 12:05:42.830 I/ActivityTaskManager( 2242): The Process com.brucewang.inputaccessibility Already Exists in BG. So sending its PID: 21716
07-08 12:05:42.830 W/ActivityTaskManager( 2242): Tried to set launchTime (0) < mLastActivityLaunchTime (3863646)
07-08 12:05:42.838 D/InputAccessibilityService(21716): handleViewFocused: Detected EditText
07-08 12:05:42.838 D/InputAccessibilityService(21716): handleViewFocused: className=android.widget.EditText, isEditable=true, isFocusable=true
07-08 12:05:42.841 D/InputActivity(21716): Activity running on display: id=2, name=內置畫面
07-08 12:05:42.900 W/ActivityTaskManager( 2242): Request to remove task ignored for non-existent task 307
07-08 12:05:42.900 I/ActivityTaskManager( 2242): Displayed com.brucewang.inputaccessibility/.InputActivity: +84ms
07-08 12:05:45.313 D/InputActivity(21716): Triggering target action for IME action: GO
07-08 12:05:45.341 D/InputActivity(21716): Target before Enter: refreshed=true, package=com.android.chrome, class=android.widget.EditText, editable=true, focused=true, actions=2:CLEAR_FOCUS,4:SELECT,8:CLEAR_SELECTION,16:CLICK,32:LONG_CLICK,64:ACCESSIBILITY_FOCUS,256:NEXT_AT_GRANULARITY,512:PREVIOUS_AT_GRANULARITY,131072:SET_SELECTION,2097152:SET_TEXT,16908342:ACTION_16908342,16908372:Enter 鍵
07-08 12:05:45.345 I/ActivityTaskManager( 2242): START u0 {act=android.intent.action.VIEW cat=[android.intent.category.BROWSABLE] dat=https://www.google.com/... flg=0x10000000 pkg=com.android.chrome cmp=com.android.chrome/com.google.android.apps.chrome.IntentDispatcher} from uid 10182
07-08 12:05:45.358 D/InputActivity(21716): Browser intent submit result: true, package=com.android.chrome, text=hhhhh
07-08 12:05:45.369 I/ActivityTaskManager( 2242): The Process com.android.chrome Already Exists in BG. So sending its PID: 17836
07-08 12:05:45.369 W/ActivityTaskManager( 2242): Tried to set launchTime (0) < mLastActivityLaunchTime (3866362)
07-08 12:05:45.381 I/ActivityTaskManager( 2242): START u0 {act=android.intent.action.VIEW cat=[android.intent.category.BROWSABLE] dat=https://www.google.com/... flg=0x14002000 pkg=com.android.chrome cmp=com.android.chrome/org.chromium.chrome.browser.ChromeTabbedActivity (has extras)} from uid 10096
07-08 12:05:45.613 D/InputAccessibilityService(21716): packageName: com.android.chrome
07-08 12:05:45.613 D/InputAccessibilityService(21716): checkCurrentFocus: No focused EditText found, hiding InputActivity
07-08 12:05:45.613 D/InputAccessibilityService(21716): hideInputActivity: Closing InputActivity
07-08 12:05:45.613 D/InputActivity(21716): Closing InputActivity instance
07-08 12:05:46.274 D/InputActivity(21716): === onDestroy() called ===
07-08 12:05:47.913 D/InputAccessibilityService(21716): handleViewFocused: Focused view is not EditText
07-08 12:05:47.915 D/InputAccessibilityService(21716): hideInputActivity: Closing InputActivity
